2026-10-06 13:38:10 Synology Admin Settings integration enabled
2026-10-06 13:39:52 No deployment change; healthy deployment already recorded at 1a221480
2026-10-06 13:40:05 LibreChat deployment check started
2026-10-06 13:40:06 Cloudflare tunnel integration enabled
2026-10-06 13:40:06 Synology Admin Settings integration enabled
2026-10-06 13:41:38 No deployment change; healthy deployment already recorded at 1a221480
2026-10-06 13:45:05 LibreChat deployment check started
2026-10-06 13:45:05 Cloudflare tunnel integration enabled
2026-10-06 13:45:05 Synology Admin Settings integration enabled
2026-10-06 13:46:11 ERROR: could not resolve remote branch server/synology
2026-10-06 13:46:49 WARN: sanitised GitHub telemetry publish failed (network_error)
2026-10-06 13:50:03 LibreChat deployment check started
2026-10-06 13:50:03 Cloudflare tunnel integration enabled
2026-10-06 13:50:03 Synology Admin Settings integration enabled
2026-10-06 13:51:50 ERROR: could not resolve remote branch server/synology
2026-10-06 13:52:39 WARN: sanitised GitHub telemetry publish failed (network_error)
2026-10-06 13:55:16 LibreChat deployment check started
2026-10-06 13:55:17 Cloudflare tunnel integration enabled
2026-10-06 13:55:17 Synology Admin Settings integration enabled
2026-10-06 13:56:58 ERROR: could not resolve remote branch server/synology
2026-10-06 13:57:36 WARN: sanitised GitHub telemetry publish failed (network_error)
2026-10-06 14:00:11 LibreChat deployment check started
2026-10-06 14:00:11 Cloudflare tunnel integration enabled
2026-10-06 14:00:11 Synology Admin Settings integration enabled
2026-10-06 14:01:48 ERROR: could not resolve remote branch server/synology
2026-10-06 14:02:16 WARN: sanitised GitHub telemetry publish failed (network_error)
2026-10-06 14:05:04 LibreChat deployment check started
2026-10-06 14:05:04 Cloudflare tunnel integration enabled
2026-10-06 14:05:04 Synology Admin Settings integration enabled
2026-10-06 14:06:14 ERROR: could not resolve remote branch server/synology
2026-10-06 14:06:42 WARN: sanitised GitHub telemetry publish failed (network_error)
2026-10-06 14:10:03 LibreChat deployment check started
2026-10-06 14:10:04 Cloudflare tunnel integration enabled
2026-10-06 14:10:04 Synology Admin Settings integration enabled
2026-10-06 14:11:40 ERROR: could not resolve remote branch server/synology
2026-10-06 14:12:10 WARN: sanitised GitHub telemetry publish failed (network_error)
2026-10-06 14:15:03 LibreChat deployment check started
2026-10-06 14:15:03 Cloudflare tunnel integration enabled
2026-10-06 14:15:03 Synology Admin Settings integration enabled
2026-10-06 14:16:37 No deployment change; healthy deployment already recorded at 1a221480
